------------------------------------------------------------
TimeQuest Timing Analyzer Summary
------------------------------------------------------------

Type  : Slow 1200mV 85C Model Setup 'CLOCK_50'
Slack : -14.010
TNS   : -627.712

Type  : Slow 1200mV 85C Model Setup 'VGA_SYNC:videoSync|pixel_clock_int'
Slack : -2.843
TNS   : -661.914

Type  : Slow 1200mV 85C Model Hold 'CLOCK_50'
Slack : 0.376
TNS   : 0.000

Type  : Slow 1200mV 85C Model Hold 'VGA_SYNC:videoSync|pixel_clock_int'
Slack : 0.386
TNS   : 0.000

Type  : Slow 1200mV 85C Model Minimum Pulse Width 'CLOCK_50'
Slack : -3.000
TNS   : -112.225

Type  : Slow 1200mV 85C Model Minimum Pulse Width 'VGA_SYNC:videoSync|pixel_clock_int'
Slack : -2.693
TNS   : -749.680

Type  : Slow 1200mV 0C Model Setup 'CLOCK_50'
Slack : -12.446
TNS   : -561.092

Type  : Slow 1200mV 0C Model Setup 'VGA_SYNC:videoSync|pixel_clock_int'
Slack : -2.566
TNS   : -581.613

Type  : Slow 1200mV 0C Model Hold 'VGA_SYNC:videoSync|pixel_clock_int'
Slack : 0.337
TNS   : 0.000

Type  : Slow 1200mV 0C Model Hold 'CLOCK_50'
Slack : 0.341
TNS   : 0.000

Type  : Slow 1200mV 0C Model Minimum Pulse Width 'CLOCK_50'
Slack : -3.000
TNS   : -112.225

Type  : Slow 1200mV 0C Model Minimum Pulse Width 'VGA_SYNC:videoSync|pixel_clock_int'
Slack : -2.649
TNS   : -738.460

Type  : Fast 1200mV 0C Model Setup 'CLOCK_50'
Slack : -6.415
TNS   : -274.727

Type  : Fast 1200mV 0C Model Setup 'VGA_SYNC:videoSync|pixel_clock_int'
Slack : -1.015
TNS   : -195.989

Type  : Fast 1200mV 0C Model Hold 'VGA_SYNC:videoSync|pixel_clock_int'
Slack : 0.158
TNS   : 0.000

Type  : Fast 1200mV 0C Model Hold 'CLOCK_50'
Slack : 0.167
TNS   : 0.000

Type  : Fast 1200mV 0C Model Minimum Pulse Width 'CLOCK_50'
Slack : -3.000
TNS   : -113.967

Type  : Fast 1200mV 0C Model Minimum Pulse Width 'VGA_SYNC:videoSync|pixel_clock_int'
Slack : -1.000
TNS   : -304.000

------------------------------------------------------------
